<testsuites id="" name="" tests="60" failures="0" skipped="60" errors="0" time="0.04316099999999994">
<testsuite name="auth.spec.ts" timestamp="2025-10-25T11:35:58.873Z" hostname="chromium" tests="2" failures="0" skipped="2" time="0" errors="0">
<testcase name="Authentication › should display login page" classname="auth.spec.ts" time="0">
<skipped>
</skipped>
</testcase>
<testcase name="Authentication › should login successfully" classname="auth.spec.ts" time="0">
<properties>
<property name="skip" value="">
</property>
</properties>
<skipped>
</skipped>
</testcase>
</testsuite>
<testsuite name="devices.spec.ts" timestamp="2025-10-25T11:35:58.873Z" hostname="chromium" tests="10" failures="0" skipped="10" time="0" errors="0">
<testcase name="Device Management › should display device management page" classname="devices.spec.ts" time="0">
<skipped>
</skipped>
</testcase>
<testcase name="Device Management › should open register device dialog" classname="devices.spec.ts" time="0">
<skipped>
</skipped>
</testcase>
<testcase name="Device Management › should validate required fields" classname="devices.spec.ts" time="0">
<skipped>
</skipped>
</testcase>
<testcase name="Device Management › should fill and submit device registration form" classname="devices.spec.ts" time="0">
<skipped>
</skipped>
</testcase>
<testcase name="Device Management › should filter devices by type" classname="devices.spec.ts" time="0">
<skipped>
</skipped>
</testcase>
<testcase name="Device Management › should filter devices by status" classname="devices.spec.ts" time="0">
<skipped>
</skipped>
</testcase>
<testcase name="Device Management › should show empty state when no devices" classname="devices.spec.ts" time="0">
<skipped>
</skipped>
</testcase>
<testcase name="Device Management › should be responsive on mobile" classname="devices.spec.ts" time="0">
<skipped>
</skipped>
</testcase>
<testcase name="Device Management › should have accessible labels and ARIA attributes" classname="devices.spec.ts" time="0">
<skipped>
</skipped>
</testcase>
<testcase name="Device Detail (Future) › should navigate to device detail page" classname="devices.spec.ts" time="0">
<properties>
<property name="skip" value="">
</property>
</properties>
<skipped>
</skipped>
</testcase>
</testsuite>
<testsuite name="auth.spec.ts" timestamp="2025-10-25T11:35:58.873Z" hostname="firefox" tests="2" failures="0" skipped="2" time="0" errors="0">
<testcase name="Authentication › should display login page" classname="auth.spec.ts" time="0">
<skipped>
</skipped>
</testcase>
<testcase name="Authentication › should login successfully" classname="auth.spec.ts" time="0">
<properties>
<property name="skip" value="">
</property>
</properties>
<skipped>
</skipped>
</testcase>
</testsuite>
<testsuite name="devices.spec.ts" timestamp="2025-10-25T11:35:58.873Z" hostname="firefox" tests="10" failures="0" skipped="10" time="0" errors="0">
<testcase name="Device Management › should display device management page" classname="devices.spec.ts" time="0">
<skipped>
</skipped>
</testcase>
<testcase name="Device Management › should open register device dialog" classname="devices.spec.ts" time="0">
<skipped>
</skipped>
</testcase>
<testcase name="Device Management › should validate required fields" classname="devices.spec.ts" time="0">
<skipped>
</skipped>
</testcase>
<testcase name="Device Management › should fill and submit device registration form" classname="devices.spec.ts" time="0">
<skipped>
</skipped>
</testcase>
<testcase name="Device Management › should filter devices by type" classname="devices.spec.ts" time="0">
<skipped>
</skipped>
</testcase>
<testcase name="Device Management › should filter devices by status" classname="devices.spec.ts" time="0">
<skipped>
</skipped>
</testcase>
<testcase name="Device Management › should show empty state when no devices" classname="devices.spec.ts" time="0">
<skipped>
</skipped>
</testcase>
<testcase name="Device Management › should be responsive on mobile" classname="devices.spec.ts" time="0">
<skipped>
</skipped>
</testcase>
<testcase name="Device Management › should have accessible labels and ARIA attributes" classname="devices.spec.ts" time="0">
<skipped>
</skipped>
</testcase>
<testcase name="Device Detail (Future) › should navigate to device detail page" classname="devices.spec.ts" time="0">
<properties>
<property name="skip" value="">
</property>
</properties>
<skipped>
</skipped>
</testcase>
</testsuite>
<testsuite name="auth.spec.ts" timestamp="2025-10-25T11:35:58.873Z" hostname="webkit" tests="2" failures="0" skipped="2" time="0" errors="0">
<testcase name="Authentication › should display login page" classname="auth.spec.ts" time="0">
<skipped>
</skipped>
</testcase>
<testcase name="Authentication › should login successfully" classname="auth.spec.ts" time="0">
<properties>
<property name="skip" value="">
</property>
</properties>
<skipped>
</skipped>
</testcase>
</testsuite>
<testsuite name="devices.spec.ts" timestamp="2025-10-25T11:35:58.873Z" hostname="webkit" tests="10" failures="0" skipped="10" time="0" errors="0">
<testcase name="Device Management › should display device management page" classname="devices.spec.ts" time="0">
<skipped>
</skipped>
</testcase>
<testcase name="Device Management › should open register device dialog" classname="devices.spec.ts" time="0">
<skipped>
</skipped>
</testcase>
<testcase name="Device Management › should validate required fields" classname="devices.spec.ts" time="0">
<skipped>
</skipped>
</testcase>
<testcase name="Device Management › should fill and submit device registration form" classname="devices.spec.ts" time="0">
<skipped>
</skipped>
</testcase>
<testcase name="Device Management › should filter devices by type" classname="devices.spec.ts" time="0">
<skipped>
</skipped>
</testcase>
<testcase name="Device Management › should filter devices by status" classname="devices.spec.ts" time="0">
<skipped>
</skipped>
</testcase>
<testcase name="Device Management › should show empty state when no devices" classname="devices.spec.ts" time="0">
<skipped>
</skipped>
</testcase>
<testcase name="Device Management › should be responsive on mobile" classname="devices.spec.ts" time="0">
<skipped>
</skipped>
</testcase>
<testcase name="Device Management › should have accessible labels and ARIA attributes" classname="devices.spec.ts" time="0">
<skipped>
</skipped>
</testcase>
<testcase name="Device Detail (Future) › should navigate to device detail page" classname="devices.spec.ts" time="0">
<properties>
<property name="skip" value="">
</property>
</properties>
<skipped>
</skipped>
</testcase>
</testsuite>
<testsuite name="auth.spec.ts" timestamp="2025-10-25T11:35:58.873Z" hostname="Mobile Chrome" tests="2" failures="0" skipped="2" time="0" errors="0">
<testcase name="Authentication › should display login page" classname="auth.spec.ts" time="0">
<skipped>
</skipped>
</testcase>
<testcase name="Authentication › should login successfully" classname="auth.spec.ts" time="0">
<properties>
<property name="skip" value="">
</property>
</properties>
<skipped>
</skipped>
</testcase>
</testsuite>
<testsuite name="devices.spec.ts" timestamp="2025-10-25T11:35:58.873Z" hostname="Mobile Chrome" tests="10" failures="0" skipped="10" time="0" errors="0">
<testcase name="Device Management › should display device management page" classname="devices.spec.ts" time="0">
<skipped>
</skipped>
</testcase>
<testcase name="Device Management › should open register device dialog" classname="devices.spec.ts" time="0">
<skipped>
</skipped>
</testcase>
<testcase name="Device Management › should validate required fields" classname="devices.spec.ts" time="0">
<skipped>
</skipped>
</testcase>
<testcase name="Device Management › should fill and submit device registration form" classname="devices.spec.ts" time="0">
<skipped>
</skipped>
</testcase>
<testcase name="Device Management › should filter devices by type" classname="devices.spec.ts" time="0">
<skipped>
</skipped>
</testcase>
<testcase name="Device Management › should filter devices by status" classname="devices.spec.ts" time="0">
<skipped>
</skipped>
</testcase>
<testcase name="Device Management › should show empty state when no devices" classname="devices.spec.ts" time="0">
<skipped>
</skipped>
</testcase>
<testcase name="Device Management › should be responsive on mobile" classname="devices.spec.ts" time="0">
<skipped>
</skipped>
</testcase>
<testcase name="Device Management › should have accessible labels and ARIA attributes" classname="devices.spec.ts" time="0">
<skipped>
</skipped>
</testcase>
<testcase name="Device Detail (Future) › should navigate to device detail page" classname="devices.spec.ts" time="0">
<properties>
<property name="skip" value="">
</property>
</properties>
<skipped>
</skipped>
</testcase>
</testsuite>
<testsuite name="auth.spec.ts" timestamp="2025-10-25T11:35:58.873Z" hostname="Mobile Safari" tests="2" failures="0" skipped="2" time="0" errors="0">
<testcase name="Authentication › should display login page" classname="auth.spec.ts" time="0">
<skipped>
</skipped>
</testcase>
<testcase name="Authentication › should login successfully" classname="auth.spec.ts" time="0">
<properties>
<property name="skip" value="">
</property>
</properties>
<skipped>
</skipped>
</testcase>
</testsuite>
<testsuite name="devices.spec.ts" timestamp="2025-10-25T11:35:58.873Z" hostname="Mobile Safari" tests="10" failures="0" skipped="10" time="0" errors="0">
<testcase name="Device Management › should display device management page" classname="devices.spec.ts" time="0">
<skipped>
</skipped>
</testcase>
<testcase name="Device Management › should open register device dialog" classname="devices.spec.ts" time="0">
<skipped>
</skipped>
</testcase>
<testcase name="Device Management › should validate required fields" classname="devices.spec.ts" time="0">
<skipped>
</skipped>
</testcase>
<testcase name="Device Management › should fill and submit device registration form" classname="devices.spec.ts" time="0">
<skipped>
</skipped>
</testcase>
<testcase name="Device Management › should filter devices by type" classname="devices.spec.ts" time="0">
<skipped>
</skipped>
</testcase>
<testcase name="Device Management › should filter devices by status" classname="devices.spec.ts" time="0">
<skipped>
</skipped>
</testcase>
<testcase name="Device Management › should show empty state when no devices" classname="devices.spec.ts" time="0">
<skipped>
</skipped>
</testcase>
<testcase name="Device Management › should be responsive on mobile" classname="devices.spec.ts" time="0">
<skipped>
</skipped>
</testcase>
<testcase name="Device Management › should have accessible labels and ARIA attributes" classname="devices.spec.ts" time="0">
<skipped>
</skipped>
</testcase>
<testcase name="Device Detail (Future) › should navigate to device detail page" classname="devices.spec.ts" time="0">
<properties>
<property name="skip" value="">
</property>
</properties>
<skipped>
</skipped>
</testcase>
</testsuite>
</testsuites>